<?xml version="1.0" encoding="utf-8"?>
<Database Name="" xmlns="http://schemas.microsoft.com/linqtosql/mapping/2007">
  <Table Name="STATUS_TYPE" Member="StatusTypes">
    <Type Name="QA.Core.Engine.QPData.StatusType">
      <Column Name="SITE_ID" Member="SiteId" DbType="Decimal(18,0) NOT NULL" Storage="_SiteId" />
      <Column Name="STATUS_TYPE_ID" Member="Id" DbType="Decimal(18,0) NOT NULL IDENTITY" IsPrimaryKey="true" IsDbGenerated="true" Storage="_Id" />
      <Column Name="STATUS_TYPE_NAME" Member="Name" DbType="NVarChar(255) NOT NULL" Storage="_Name" />
      <Column Name="WEIGHT" Member="Weight" DbType="Decimal(18,0) NOT NULL" Storage="_Weight" />
      <Column Name="DESCRIPTION" Member="Description" DbType="NVarChar(512)" Storage="_Description" />
      <Column Name="CREATED" Member="Created" DbType="DateTime NOT NULL" Storage="_Created" />
      <Column Name="MODIFIED" Member="Modified" DbType="DateTime NOT NULL" Storage="_Modified" />
      <Column Name="LAST_MODIFIED_BY" Member="LastModifiedBy" DbType="Decimal(18,0) NOT NULL" Storage="_LastModifiedBy" />
    </Type>
  </Table>
  <Table Name="dbo.CONTENT_540_LIVE" Member="QPCultures">
    <Type Name="QA.Core.Engine.QPData.QPCulture">
      <Column Name="CONTENT_ITEM_ID" Member="Id" DbType="Decimal(18,0) IDENTITY NOT NULL" IsPrimaryKey="true" IsDbGenerated="true" AutoSync="OnInsert" Storage="_Id" />
      <Column Name="STATUS_TYPE_ID" Member="StatusTypeId" DbType="Decimal(18,0) NOT NULL" Storage="_StatusTypeId" />
      <Column Name="VISIBLE" Member="Visible" DbType="Decimal(18,0) NOT NULL" Storage="_Visible" />
      <Column Name="ARCHIVE" Member="Archive" DbType="Decimal(18,0) NOT NULL" Storage="_Archive" />
      <Column Name="CREATED" Member="Created" DbType="DateTime NOT NULL" Storage="_Created" />
      <Column Name="MODIFIED" Member="Modified" DbType="DateTime NOT NULL" Storage="_Modified" />
      <Column Name="LAST_MODIFIED_BY" Member="LastModifiedBy" DbType="Decimal(18,0) NOT NULL" Storage="_LastModifiedBy" />
      <Column Name="[Title]" Member="Title" DbType="NVarChar(255)" Storage="_Title" />
      <Column Name="[Name]" Member="Name" DbType="NVarChar(255)" Storage="_Name" />
      <Column Name="[Icon]" Member="Icon" DbType="NVarChar(255)" Storage="_Icon" />
      <Association Name="StatusType_ContentItem" Member="StatusType" ThisKey="StatusTypeId" OtherKey="Id" IsForeignKey="true" Storage="_StatusType" />
    </Type>
  </Table>
  <Function Name="dbo.qp_abs_time" Method="AbsTime" IsComposable="true">
    <Parameter Name="time" DbType="DateTime" Parameter="time" />
    <Return DbType="Decimal" />
  </Function>
</Database>